// Jest Snapshot v1, https://goo.gl/fbAQLP

exports[`renders Meetings component properly 1`] = `
<p>
  Loading...
</p>
`;
